flow here modules/accu accu
Start agent
================================ Human Message =================================

<module id="accu">
  <description>Implement a module to achieve serial input data accumulation output, input is 8bit data. The valid_in will be set to 1 before the first data comes in. Whenever the module receives 4 input data, the data_out outputs 4 received data accumulation results and sets the valid_out to be 1 (will last only 1 cycle).</description>
  <ports>
    <input id="clk" width_description="">Clock input for synchronization.</input>
    <input id="rst_n" width_description="">Active-low reset signal.</input>
    <input id="data_in" width_description="[7:0]">8-bit input data for addition.</input>
    <input id="valid_in" width_description="">Input signal indicating readiness for new data.</input>
    <output id="valid_out" width_description="">Output signal indicating when 4 input data accumulation is reached.</output>
    <output id="data_out" width_description="[9:0]">10-bit output data representing the accumulated sum.</output>
  </ports>
  <implementation>When valid_in is 1, data_in is a valid input. 
Accumulate valid input data_in values directly to the output data_out. 
There is no output when there are fewer than four data_in inputs in the interim. Along with the output data_out, a cycle of valid_out=1 will appear as a signal. 
The valid_out signal is set to 1 when the data_out outputs 4 received data accumulation results. Otherwise, it is set to 0.
    </implementation>
  <task>Give me the complete Verilog code.</task>
</module>

================================== Ai Message ==================================

module accu(
    input clk,
    input rst_n,
    input [7:0] data_in,
    input valid_in,
    output reg valid_out,
    output reg [9:0] data_out
);

    reg [9:0] accumulator;
    reg [2:0] count;

    always @(posedge clk or negedge rst_n) begin
        if (!rst_n) begin
            accumulator <= 10'd0;
            count <= 3'd0;
            valid_out <= 1'b0;
            data_out <= 10'd0;
        end else if (valid_in) begin
            if (count < 3'd4) begin
                accumulator <= accumulator + data_in;
                count <= count + 1;
                valid_out <= 1'b0;
            end
            if (count == 3'd3) begin
                data_out <= accumulator + data_in; // Add the last input
                valid_out <= 1'b1;
                accumulator <= 10'd0; // Reset accumulator after output
                count <= 3'd0; // Reset count after output
            end
        end
    end

endmodule
Compile Status Success:  ###Verilating for accu###
cd .llmwork/accu && bash -c "verilator_yosys.sh verilator $PWD  -Wall -j 0 --lint-only --trace --x-assign 0 --x-initial 0 -cc --top-module accu  accu.v --exe  tb.cpp -Wno-fatal -Wall  -Wno-DECLFILENAME  -Werror-UNDRIVEN  -Werror-MULTIDRIVEN"
%Warning-WIDTHEXPAND: accu.v:21:44: Operator ADD expects 10 bits on the RHS, but RHS's VARREF 'data_in' generates 8 bits.
                                  : ... note: In instance 'accu'
   21 |                 accumulator <= accumulator + data_in;
      |                                            ^
                      ... For warning description see https://verilator.org/warn/WIDTHEXPAND?v=5.032
                      ... Use "/* verilator lint_off WIDTHEXPAND */" and lint_on around source to disable this message.
%Warning-WIDTHEXPAND: accu.v:26:41: Operator ADD expects 10 bits on the RHS, but RHS's VARREF 'data_in' generates 8 bits.
                                  : ... note: In instance 'accu'
   26 |                 data_out <= accumulator + data_in;  
      |                                         ^
- V e r i l a t i o n   R e p o r t: Verilator 5.032 2025-01-01 rev v5.032
- Verilator: Built from 0.022 MB sources in 2 modules, into 0.011 MB in 4 C++ files needing 0.000 MB
- Verilator: Walltime 0.021 s (elab=0.001, cvt=0.005, bld=0.000); cpu 0.038 s on 88 threads; alloced 60.387 MB

syntax_compile_route state:  exception: None
Compile Status Success, check testbench
tb_failed {}
compile: NO EXCEPTION AND TESTBENCH NOW! 
compile {'exceptionType': 'Warning', 'lineException': '-WIDTHEXPAND: accu.v:21:44', 'exceptionTitle': 'WIDTHEXPAND', 'fileName': 'accu.v', 'lineNumber': '21', 'posNumber': '44', 'exceptionContent': "Operator ADD expects 10 bits on the RHS, but RHS's VARREF 'data_in' generates 8 bits.", 'span': (268, 390), 'logContent': 'Line 21:                 accumulator <= accumulator + data_in;\r'}
Compile Status Success:  ###Verilating for accu###
cd .llmwork/accu && bash -c "verilator_yosys.sh verilator $PWD  -Wall -j 0 --lint-only --trace --x-assign 0 --x-initial 0 -cc --top-module accu  accu.v --exe  tb.cpp -Wno-fatal -Wall  -Wno-DECLFILENAME  -Werror-UNDRIVEN  -Werror-MULTIDRIVEN"
%Warning-WIDTHEXPAND: accu.v:21:44: Operator ADD expects 10 bits on the RHS, but RHS's VARREF 'data_in' generates 8 bits.
                                  : ... note: In instance 'accu'
   21 |                 accumulator <= accumulator + data_in;
      |                                            ^
                      ... For warning description see https://verilator.org/warn/WIDTHEXPAND?v=5.032
                      ... Use "/* verilator lint_off WIDTHEXPAND */" and lint_on around source to disable this message.
%Warning-WIDTHEXPAND: accu.v:26:41: Operator ADD expects 10 bits on the RHS, but RHS's VARREF 'data_in' generates 8 bits.
                                  : ... note: In instance 'accu'
   26 |                 data_out <= accumulator + data_in;  
      |                                         ^
- V e r i l a t i o n   R e p o r t: Verilator 5.032 2025-01-01 rev v5.032
- Verilator: Built from 0.022 MB sources in 2 modules, into 0.011 MB in 4 C++ files needing 0.000 MB
- Verilator: Walltime 0.022 s (elab=0.001, cvt=0.005, bld=0.000); cpu 0.041 s on 88 threads; alloced 60.383 MB

tb_simulation_route state: tb_failed:  None
================================ Human Message =================================

The Verilator compiler raises a Warning, called WIDTHEXPAND, for the below module. The content of the Warning is "Operator ADD expects 10 bits on the RHS, but RHS's VARREF 'data_in' generates 8 bits.".
Here is the related in-line content with the Warning:
Line 21:                 accumulator <= accumulator + data_in;
================================== Ai Message ==================================

module accu(
    input clk,
    input rst_n,
    input [7:0] data_in,
    input valid_in,
    output reg valid_out,
    output reg [9:0] data_out
);

    reg [9:0] accumulator;
    reg [2:0] count;

    always @(posedge clk or negedge rst_n) begin
        if (!rst_n) begin
            accumulator <= 10'd0;
            count <= 3'd0;
            valid_out <= 1'b0;
            data_out <= 10'd0;
        end else if (valid_in) begin
            if (count < 3'd4) begin
                accumulator <= accumulator + {2'b00, data_in}; // Extend data_in to 10 bits
                count <= count + 1;
                valid_out <= 1'b0;
            end
            if (count == 3'd3) begin
                data_out <= accumulator + {2'b00, data_in}; // Add the last input
                valid_out <= 1'b1;
                accumulator <= 10'd0; // Reset accumulator after output
                count <= 3'd0; // Reset count after output
            end
        end
    end

endmodule
Compile Status Success:  ###Verilating for accu###
cd .llmwork/accu && bash -c "verilator_yosys.sh verilator $PWD  -Wall -j 0 --lint-only --trace --x-assign 0 --x-initial 0 -cc --top-module accu  accu.v --exe  tb.cpp -Wno-fatal -Wall  -Wno-DECLFILENAME  -Werror-UNDRIVEN  -Werror-MULTIDRIVEN"
- V e r i l a t i o n   R e p o r t: Verilator 5.032 2025-01-01 rev v5.032
- Verilator: Built from 0.022 MB sources in 2 modules, into 0.011 MB in 4 C++ files needing 0.000 MB
- Verilator: Walltime 0.022 s (elab=0.001, cvt=0.005, bld=0.000); cpu 0.040 s on 88 threads; alloced 60.383 MB

syntax_compile_route state:  exception: None
Compile Status Success, check testbench
tb_failed {}
compile: NO EXCEPTION AND TESTBENCH NOW! 
tb_simulation_route state: tb_failed:  None
### Trial  0  results:
		- Trial  0  exception pass:  True
		- Trial  0  tb pass:  True
================================ Human Message =================================

<module id="accu">
  <description>Implement a module to achieve serial input data accumulation output, input is 8bit data. The valid_in will be set to 1 before the first data comes in. Whenever the module receives 4 input data, the data_out outputs 4 received data accumulation results and sets the valid_out to be 1 (will last only 1 cycle).</description>
  <ports>
    <input id="clk" width_description="">Clock input for synchronization.</input>
    <input id="rst_n" width_description="">Active-low reset signal.</input>
    <input id="data_in" width_description="[7:0]">8-bit input data for addition.</input>
    <input id="valid_in" width_description="">Input signal indicating readiness for new data.</input>
    <output id="valid_out" width_description="">Output signal indicating when 4 input data accumulation is reached.</output>
    <output id="data_out" width_description="[9:0]">10-bit output data representing the accumulated sum.</output>
  </ports>
  <implementation>When valid_in is 1, data_in is a valid input. 
Accumulate valid input data_in values directly to the output data_out. 
There is no output when there are fewer than four data_in inputs in the interim. Along with the output data_out, a cycle of valid_out=1 will appear as a signal. 
The valid_out signal is set to 1 when the data_out outputs 4 received data accumulation results. Otherwise, it is set to 0.
    </implementation>
  <task>Give me the complete Verilog code.</task>
</module>

================================== Ai Message ==================================

module accu(
    input clk,
    input rst_n,
    input [7:0] data_in,
    input valid_in,
    output reg valid_out,
    output reg [9:0] data_out
);

    reg [9:0] accumulator;
    reg [2:0] count;

    always @(posedge clk or negedge rst_n) begin
        if (!rst_n) begin
            accumulator <= 10'd0;
            count <= 3'd0;
            valid_out <= 1'b0;
            data_out <= 10'd0;
        end else begin
            if (valid_in) begin
                if (count < 3'd4) begin
                    accumulator <= accumulator + data_in;
                    count <= count + 1;
                    valid_out <= 1'b0;
                end
                if (count == 3'd3) begin
                    data_out <= accumulator + data_in; // Add the last input
                    valid_out <= 1'b1;
                    accumulator <= 10'd0; // Reset accumulator after output
                    count <= 3'd0; // Reset count after output
                end
            end
        end
    end
endmodule
Compile Status Success:  ###Verilating for accu###
cd .llmwork/accu && bash -c "verilator_yosys.sh verilator $PWD  -Wall -j 0 --lint-only --trace --x-assign 0 --x-initial 0 -cc --top-module accu  accu.v --exe  tb.cpp -Wno-fatal -Wall  -Wno-DECLFILENAME  -Werror-UNDRIVEN  -Werror-MULTIDRIVEN"
%Warning-WIDTHEXPAND: accu.v:22:48: Operator ADD expects 10 bits on the RHS, but RHS's VARREF 'data_in' generates 8 bits.
                                  : ... note: In instance 'accu'
   22 |                     accumulator <= accumulator + data_in;
      |                                                ^
                      ... For warning description see https://verilator.org/warn/WIDTHEXPAND?v=5.032
                      ... Use "/* verilator lint_off WIDTHEXPAND */" and lint_on around source to disable this message.
%Warning-WIDTHEXPAND: accu.v:27:45: Operator ADD expects 10 bits on the RHS, but RHS's VARREF 'data_in' generates 8 bits.
                                  : ... note: In instance 'accu'
   27 |                     data_out <= accumulator + data_in;  
      |                                             ^
- V e r i l a t i o n   R e p o r t: Verilator 5.032 2025-01-01 rev v5.032
- Verilator: Built from 0.022 MB sources in 2 modules, into 0.011 MB in 4 C++ files needing 0.000 MB
- Verilator: Walltime 0.021 s (elab=0.001, cvt=0.005, bld=0.000); cpu 0.040 s on 88 threads; alloced 60.383 MB

syntax_compile_route state:  exception: None
Compile Status Success, check testbench
tb_failed {}
compile: NO EXCEPTION AND TESTBENCH NOW! 
compile {'exceptionType': 'Warning', 'lineException': '-WIDTHEXPAND: accu.v:22:48', 'exceptionTitle': 'WIDTHEXPAND', 'fileName': 'accu.v', 'lineNumber': '22', 'posNumber': '48', 'exceptionContent': "Operator ADD expects 10 bits on the RHS, but RHS's VARREF 'data_in' generates 8 bits.", 'span': (268, 390), 'logContent': 'Line 22:                     accumulator <= accumulator + data_in;\r'}
Compile Status Success:  ###Verilating for accu###
cd .llmwork/accu && bash -c "verilator_yosys.sh verilator $PWD  -Wall -j 0 --lint-only --trace --x-assign 0 --x-initial 0 -cc --top-module accu  accu.v --exe  tb.cpp -Wno-fatal -Wall  -Wno-DECLFILENAME  -Werror-UNDRIVEN  -Werror-MULTIDRIVEN"
%Warning-WIDTHEXPAND: accu.v:22:48: Operator ADD expects 10 bits on the RHS, but RHS's VARREF 'data_in' generates 8 bits.
                                  : ... note: In instance 'accu'
   22 |                     accumulator <= accumulator + data_in;
      |                                                ^
                      ... For warning description see https://verilator.org/warn/WIDTHEXPAND?v=5.032
                      ... Use "/* verilator lint_off WIDTHEXPAND */" and lint_on around source to disable this message.
%Warning-WIDTHEXPAND: accu.v:27:45: Operator ADD expects 10 bits on the RHS, but RHS's VARREF 'data_in' generates 8 bits.
                                  : ... note: In instance 'accu'
   27 |                     data_out <= accumulator + data_in;  
      |                                             ^
- V e r i l a t i o n   R e p o r t: Verilator 5.032 2025-01-01 rev v5.032
- Verilator: Built from 0.022 MB sources in 2 modules, into 0.011 MB in 4 C++ files needing 0.000 MB
- Verilator: Walltime 0.022 s (elab=0.001, cvt=0.005, bld=0.000); cpu 0.040 s on 88 threads; alloced 60.387 MB

tb_simulation_route state: tb_failed:  None
================================ Human Message =================================

The Verilator compiler raises a Warning, called WIDTHEXPAND, for the below module. The content of the Warning is "Operator ADD expects 10 bits on the RHS, but RHS's VARREF 'data_in' generates 8 bits.".
Here is the related in-line content with the Warning:
Line 22:                     accumulator <= accumulator + data_in;
================================== Ai Message ==================================

module accu(
    input clk,
    input rst_n,
    input [7:0] data_in,
    input valid_in,
    output reg valid_out,
    output reg [9:0] data_out
);

    reg [9:0] accumulator;
    reg [2:0] count;

    always @(posedge clk or negedge rst_n) begin
        if (!rst_n) begin
            accumulator <= 10'd0;
            count <= 3'd0;
            valid_out <= 1'b0;
            data_out <= 10'd0;
        end else begin
            if (valid_in) begin
                if (count < 3'd4) begin
                    accumulator <= accumulator + {2'b00, data_in}; // Extend data_in to 10 bits
                    count <= count + 1;
                    valid_out <= 1'b0;
                end
                if (count == 3'd3) begin
                    data_out <= accumulator + {2'b00, data_in}; // Add the last input
                    valid_out <= 1'b1;
                    accumulator <= 10'd0; // Reset accumulator after output
                    count <= 3'd0; // Reset count after output
                end
            end
        end
    end
endmodule
Compile Status Success:  ###Verilating for accu###
cd .llmwork/accu && bash -c "verilator_yosys.sh verilator $PWD  -Wall -j 0 --lint-only --trace --x-assign 0 --x-initial 0 -cc --top-module accu  accu.v --exe  tb.cpp -Wno-fatal -Wall  -Wno-DECLFILENAME  -Werror-UNDRIVEN  -Werror-MULTIDRIVEN"
- V e r i l a t i o n   R e p o r t: Verilator 5.032 2025-01-01 rev v5.032
- Verilator: Built from 0.022 MB sources in 2 modules, into 0.011 MB in 4 C++ files needing 0.000 MB
- Verilator: Walltime 0.021 s (elab=0.001, cvt=0.005, bld=0.000); cpu 0.040 s on 88 threads; alloced 60.379 MB

syntax_compile_route state:  exception: None
Compile Status Success, check testbench
tb_failed {}
compile: NO EXCEPTION AND TESTBENCH NOW! 
tb_simulation_route state: tb_failed:  None
### Trial  1  results:
		- Trial  1  exception pass:  True
		- Trial  1  tb pass:  True
================================ Human Message =================================

<module id="accu">
  <description>Implement a module to achieve serial input data accumulation output, input is 8bit data. The valid_in will be set to 1 before the first data comes in. Whenever the module receives 4 input data, the data_out outputs 4 received data accumulation results and sets the valid_out to be 1 (will last only 1 cycle).</description>
  <ports>
    <input id="clk" width_description="">Clock input for synchronization.</input>
    <input id="rst_n" width_description="">Active-low reset signal.</input>
    <input id="data_in" width_description="[7:0]">8-bit input data for addition.</input>
    <input id="valid_in" width_description="">Input signal indicating readiness for new data.</input>
    <output id="valid_out" width_description="">Output signal indicating when 4 input data accumulation is reached.</output>
    <output id="data_out" width_description="[9:0]">10-bit output data representing the accumulated sum.</output>
  </ports>
  <implementation>When valid_in is 1, data_in is a valid input. 
Accumulate valid input data_in values directly to the output data_out. 
There is no output when there are fewer than four data_in inputs in the interim. Along with the output data_out, a cycle of valid_out=1 will appear as a signal. 
The valid_out signal is set to 1 when the data_out outputs 4 received data accumulation results. Otherwise, it is set to 0.
    </implementation>
  <task>Give me the complete Verilog code.</task>
</module>

================================== Ai Message ==================================

module accu(
    input clk,
    input rst_n,
    input [7:0] data_in,
    input valid_in,
    output reg valid_out,
    output reg [9:0] data_out
);

    reg [9:0] accumulator;
    reg [2:0] count;

    always @(posedge clk or negedge rst_n) begin
        if (!rst_n) begin
            accumulator <= 10'd0;
            count <= 3'd0;
            valid_out <= 1'b0;
            data_out <= 10'd0;
        end else if (valid_in) begin
            if (count < 3'd4) begin
                accumulator <= accumulator + data_in;
                count <= count + 1;
                valid_out <= 1'b0;
            end
            if (count == 3'd3) begin
                data_out <= accumulator + data_in;
                valid_out <= 1'b1;
                accumulator <= 10'd0; // Reset accumulator after output
                count <= 3'd0; // Reset count after output
            end
        end
    end
endmodule
Compile Status Success:  ###Verilating for accu###
cd .llmwork/accu && bash -c "verilator_yosys.sh verilator $PWD  -Wall -j 0 --lint-only --trace --x-assign 0 --x-initial 0 -cc --top-module accu  accu.v --exe  tb.cpp -Wno-fatal -Wall  -Wno-DECLFILENAME  -Werror-UNDRIVEN  -Werror-MULTIDRIVEN"
%Warning-WIDTHEXPAND: accu.v:21:44: Operator ADD expects 10 bits on the RHS, but RHS's VARREF 'data_in' generates 8 bits.
                                  : ... note: In instance 'accu'
   21 |                 accumulator <= accumulator + data_in;
      |                                            ^
                      ... For warning description see https://verilator.org/warn/WIDTHEXPAND?v=5.032
                      ... Use "/* verilator lint_off WIDTHEXPAND */" and lint_on around source to disable this message.
%Warning-WIDTHEXPAND: accu.v:26:41: Operator ADD expects 10 bits on the RHS, but RHS's VARREF 'data_in' generates 8 bits.
                                  : ... note: In instance 'accu'
   26 |                 data_out <= accumulator + data_in;
      |                                         ^
- V e r i l a t i o n   R e p o r t: Verilator 5.032 2025-01-01 rev v5.032
- Verilator: Built from 0.022 MB sources in 2 modules, into 0.011 MB in 4 C++ files needing 0.000 MB
- Verilator: Walltime 0.021 s (elab=0.001, cvt=0.005, bld=0.000); cpu 0.042 s on 88 threads; alloced 60.387 MB

syntax_compile_route state:  exception: None
Compile Status Success, check testbench
tb_failed {}
compile: NO EXCEPTION AND TESTBENCH NOW! 
compile {'exceptionType': 'Warning', 'lineException': '-WIDTHEXPAND: accu.v:21:44', 'exceptionTitle': 'WIDTHEXPAND', 'fileName': 'accu.v', 'lineNumber': '21', 'posNumber': '44', 'exceptionContent': "Operator ADD expects 10 bits on the RHS, but RHS's VARREF 'data_in' generates 8 bits.", 'span': (268, 390), 'logContent': 'Line 21:                 accumulator <= accumulator + data_in;\r'}
Compile Status Success:  ###Verilating for accu###
cd .llmwork/accu && bash -c "verilator_yosys.sh verilator $PWD  -Wall -j 0 --lint-only --trace --x-assign 0 --x-initial 0 -cc --top-module accu  accu.v --exe  tb.cpp -Wno-fatal -Wall  -Wno-DECLFILENAME  -Werror-UNDRIVEN  -Werror-MULTIDRIVEN"
%Warning-WIDTHEXPAND: accu.v:21:44: Operator ADD expects 10 bits on the RHS, but RHS's VARREF 'data_in' generates 8 bits.
                                  : ... note: In instance 'accu'
   21 |                 accumulator <= accumulator + data_in;
      |                                            ^
                      ... For warning description see https://verilator.org/warn/WIDTHEXPAND?v=5.032
                      ... Use "/* verilator lint_off WIDTHEXPAND */" and lint_on around source to disable this message.
%Warning-WIDTHEXPAND: accu.v:26:41: Operator ADD expects 10 bits on the RHS, but RHS's VARREF 'data_in' generates 8 bits.
                                  : ... note: In instance 'accu'
   26 |                 data_out <= accumulator + data_in;
      |                                         ^
- V e r i l a t i o n   R e p o r t: Verilator 5.032 2025-01-01 rev v5.032
- Verilator: Built from 0.022 MB sources in 2 modules, into 0.011 MB in 4 C++ files needing 0.000 MB
- Verilator: Walltime 0.022 s (elab=0.001, cvt=0.005, bld=0.000); cpu 0.039 s on 88 threads; alloced 60.379 MB

tb_simulation_route state: tb_failed:  None
================================ Human Message =================================

The Verilator compiler raises a Warning, called WIDTHEXPAND, for the below module. The content of the Warning is "Operator ADD expects 10 bits on the RHS, but RHS's VARREF 'data_in' generates 8 bits.".
Here is the related in-line content with the Warning:
Line 21:                 accumulator <= accumulator + data_in;
================================== Ai Message ==================================

module accu(
    input clk,
    input rst_n,
    input [7:0] data_in,
    input valid_in,
    output reg valid_out,
    output reg [9:0] data_out
);

    reg [9:0] accumulator;
    reg [2:0] count;

    always @(posedge clk or negedge rst_n) begin
        if (!rst_n) begin
            accumulator <= 10'd0;
            count <= 3'd0;
            valid_out <= 1'b0;
            data_out <= 10'd0;
        end else if (valid_in) begin
            if (count < 3'd4) begin
                accumulator <= accumulator + {2'b00, data_in}; // Extend data_in to 10 bits
                count <= count + 1;
                valid_out <= 1'b0;
            end
            if (count == 3'd3) begin
                data_out <= accumulator + {2'b00, data_in}; // Extend data_in to 10 bits
                valid_out <= 1'b1;
                accumulator <= 10'd0; // Reset accumulator after output
                count <= 3'd0; // Reset count after output
            end
        end
    end
endmodule
Compile Status Success:  ###Verilating for accu###
cd .llmwork/accu && bash -c "verilator_yosys.sh verilator $PWD  -Wall -j 0 --lint-only --trace --x-assign 0 --x-initial 0 -cc --top-module accu  accu.v --exe  tb.cpp -Wno-fatal -Wall  -Wno-DECLFILENAME  -Werror-UNDRIVEN  -Werror-MULTIDRIVEN"
- V e r i l a t i o n   R e p o r t: Verilator 5.032 2025-01-01 rev v5.032
- Verilator: Built from 0.022 MB sources in 2 modules, into 0.011 MB in 4 C++ files needing 0.000 MB
- Verilator: Walltime 0.022 s (elab=0.001, cvt=0.005, bld=0.000); cpu 0.037 s on 88 threads; alloced 60.379 MB

syntax_compile_route state:  exception: None
Compile Status Success, check testbench
tb_failed {}
compile: NO EXCEPTION AND TESTBENCH NOW! 
tb_simulation_route state: tb_failed:  None
### Trial  2  results:
		- Trial  2  exception pass:  True
		- Trial  2  tb pass:  True
================================ Human Message =================================

<module id="accu">
  <description>Implement a module to achieve serial input data accumulation output, input is 8bit data. The valid_in will be set to 1 before the first data comes in. Whenever the module receives 4 input data, the data_out outputs 4 received data accumulation results and sets the valid_out to be 1 (will last only 1 cycle).</description>
  <ports>
    <input id="clk" width_description="">Clock input for synchronization.</input>
    <input id="rst_n" width_description="">Active-low reset signal.</input>
    <input id="data_in" width_description="[7:0]">8-bit input data for addition.</input>
    <input id="valid_in" width_description="">Input signal indicating readiness for new data.</input>
    <output id="valid_out" width_description="">Output signal indicating when 4 input data accumulation is reached.</output>
    <output id="data_out" width_description="[9:0]">10-bit output data representing the accumulated sum.</output>
  </ports>
  <implementation>When valid_in is 1, data_in is a valid input. 
Accumulate valid input data_in values directly to the output data_out. 
There is no output when there are fewer than four data_in inputs in the interim. Along with the output data_out, a cycle of valid_out=1 will appear as a signal. 
The valid_out signal is set to 1 when the data_out outputs 4 received data accumulation results. Otherwise, it is set to 0.
    </implementation>
  <task>Give me the complete Verilog code.</task>
</module>

================================== Ai Message ==================================

module accu(
    input clk,
    input rst_n,
    input [7:0] data_in,
    input valid_in,
    output reg valid_out,
    output reg [9:0] data_out
);

    reg [9:0] accumulator;
    reg [2:0] count;

    always @(posedge clk or negedge rst_n) begin
        if (!rst_n) begin
            accumulator <= 10'd0;
            count <= 3'd0;
            valid_out <= 1'b0;
            data_out <= 10'd0;
        end else begin
            if (valid_in) begin
                if (count < 3'd4) begin
                    accumulator <= accumulator + {2'b00, data_in};
                    count <= count + 1;
                    valid_out <= 1'b0;
                end
                if (count == 3'd3) begin
                    data_out <= accumulator + {2'b00, data_in};
                    valid_out <= 1'b1;
                    accumulator <= 10'd0; // Reset accumulator after output
                    count <= 3'd0; // Reset count after output
                end
            end
        end
    end
endmodule
Compile Status Success:  ###Verilating for accu###
cd .llmwork/accu && bash -c "verilator_yosys.sh verilator $PWD  -Wall -j 0 --lint-only --trace --x-assign 0 --x-initial 0 -cc --top-module accu  accu.v --exe  tb.cpp -Wno-fatal -Wall  -Wno-DECLFILENAME  -Werror-UNDRIVEN  -Werror-MULTIDRIVEN"
- V e r i l a t i o n   R e p o r t: Verilator 5.032 2025-01-01 rev v5.032
- Verilator: Built from 0.022 MB sources in 2 modules, into 0.011 MB in 4 C++ files needing 0.000 MB
- Verilator: Walltime 0.022 s (elab=0.001, cvt=0.005, bld=0.000); cpu 0.039 s on 88 threads; alloced 60.379 MB

syntax_compile_route state:  exception: None
Compile Status Success, check testbench
tb_failed {}
compile: NO EXCEPTION AND TESTBENCH NOW! 
Compile Status Success:  ###Verilating for accu###
cd .llmwork/accu && bash -c "verilator_yosys.sh verilator $PWD  -Wall -j 0 --lint-only --trace --x-assign 0 --x-initial 0 -cc --top-module accu  accu.v --exe  tb.cpp -Wno-fatal -Wall  -Wno-DECLFILENAME  -Werror-UNDRIVEN  -Werror-MULTIDRIVEN"
- V e r i l a t i o n   R e p o r t: Verilator 5.032 2025-01-01 rev v5.032
- Verilator: Built from 0.022 MB sources in 2 modules, into 0.011 MB in 4 C++ files needing 0.000 MB
- Verilator: Walltime 0.022 s (elab=0.001, cvt=0.005, bld=0.000); cpu 0.041 s on 88 threads; alloced 60.383 MB

tb_simulation_route state: tb_failed:  None
### Trial  3  results:
		- Trial  3  exception pass:  True
		- Trial  3  tb pass:  True
================================ Human Message =================================

<module id="accu">
  <description>Implement a module to achieve serial input data accumulation output, input is 8bit data. The valid_in will be set to 1 before the first data comes in. Whenever the module receives 4 input data, the data_out outputs 4 received data accumulation results and sets the valid_out to be 1 (will last only 1 cycle).</description>
  <ports>
    <input id="clk" width_description="">Clock input for synchronization.</input>
    <input id="rst_n" width_description="">Active-low reset signal.</input>
    <input id="data_in" width_description="[7:0]">8-bit input data for addition.</input>
    <input id="valid_in" width_description="">Input signal indicating readiness for new data.</input>
    <output id="valid_out" width_description="">Output signal indicating when 4 input data accumulation is reached.</output>
    <output id="data_out" width_description="[9:0]">10-bit output data representing the accumulated sum.</output>
  </ports>
  <implementation>When valid_in is 1, data_in is a valid input. 
Accumulate valid input data_in values directly to the output data_out. 
There is no output when there are fewer than four data_in inputs in the interim. Along with the output data_out, a cycle of valid_out=1 will appear as a signal. 
The valid_out signal is set to 1 when the data_out outputs 4 received data accumulation results. Otherwise, it is set to 0.
    </implementation>
  <task>Give me the complete Verilog code.</task>
</module>

================================== Ai Message ==================================

module accu(
    input clk,
    input rst_n,
    input [7:0] data_in,
    input valid_in,
    output reg valid_out,
    output reg [9:0] data_out
);

    reg [9:0] accumulator;
    reg [2:0] count;

    always @(posedge clk or negedge rst_n) begin
        if (!rst_n) begin
            accumulator <= 10'd0;
            count <= 3'd0;
            valid_out <= 1'b0;
            data_out <= 10'd0;
        end else begin
            if (valid_in) begin
                if (count < 3'd4) begin
                    accumulator <= accumulator + data_in;
                    count <= count + 1;
                    valid_out <= 1'b0;
                end
                if (count == 3'd3) begin
                    data_out <= accumulator + data_in; // Add the last input
                    valid_out <= 1'b1;
                    accumulator <= 10'd0; // Reset accumulator after output
                    count <= 3'd0; // Reset count after output
                end
            end
        end
    end
endmodule
Compile Status Success:  ###Verilating for accu###
cd .llmwork/accu && bash -c "verilator_yosys.sh verilator $PWD  -Wall -j 0 --lint-only --trace --x-assign 0 --x-initial 0 -cc --top-module accu  accu.v --exe  tb.cpp -Wno-fatal -Wall  -Wno-DECLFILENAME  -Werror-UNDRIVEN  -Werror-MULTIDRIVEN"
%Warning-WIDTHEXPAND: accu.v:22:48: Operator ADD expects 10 bits on the RHS, but RHS's VARREF 'data_in' generates 8 bits.
                                  : ... note: In instance 'accu'
   22 |                     accumulator <= accumulator + data_in;
      |                                                ^
                      ... For warning description see https://verilator.org/warn/WIDTHEXPAND?v=5.032
                      ... Use "/* verilator lint_off WIDTHEXPAND */" and lint_on around source to disable this message.
%Warning-WIDTHEXPAND: accu.v:27:45: Operator ADD expects 10 bits on the RHS, but RHS's VARREF 'data_in' generates 8 bits.
                                  : ... note: In instance 'accu'
   27 |                     data_out <= accumulator + data_in;  
      |                                             ^
- V e r i l a t i o n   R e p o r t: Verilator 5.032 2025-01-01 rev v5.032
- Verilator: Built from 0.022 MB sources in 2 modules, into 0.011 MB in 4 C++ files needing 0.000 MB
- Verilator: Walltime 0.022 s (elab=0.001, cvt=0.005, bld=0.000); cpu 0.041 s on 88 threads; alloced 60.387 MB

syntax_compile_route state:  exception: None
Compile Status Success, check testbench
tb_failed {}
compile: NO EXCEPTION AND TESTBENCH NOW! 
compile {'exceptionType': 'Warning', 'lineException': '-WIDTHEXPAND: accu.v:22:48', 'exceptionTitle': 'WIDTHEXPAND', 'fileName': 'accu.v', 'lineNumber': '22', 'posNumber': '48', 'exceptionContent': "Operator ADD expects 10 bits on the RHS, but RHS's VARREF 'data_in' generates 8 bits.", 'span': (268, 390), 'logContent': 'Line 22:                     accumulator <= accumulator + data_in;\r'}
Compile Status Success:  ###Verilating for accu###
cd .llmwork/accu && bash -c "verilator_yosys.sh verilator $PWD  -Wall -j 0 --lint-only --trace --x-assign 0 --x-initial 0 -cc --top-module accu  accu.v --exe  tb.cpp -Wno-fatal -Wall  -Wno-DECLFILENAME  -Werror-UNDRIVEN  -Werror-MULTIDRIVEN"
%Warning-WIDTHEXPAND: accu.v:22:48: Operator ADD expects 10 bits on the RHS, but RHS's VARREF 'data_in' generates 8 bits.
                                  : ... note: In instance 'accu'
   22 |                     accumulator <= accumulator + data_in;
      |                                                ^
                      ... For warning description see https://verilator.org/warn/WIDTHEXPAND?v=5.032
                      ... Use "/* verilator lint_off WIDTHEXPAND */" and lint_on around source to disable this message.
%Warning-WIDTHEXPAND: accu.v:27:45: Operator ADD expects 10 bits on the RHS, but RHS's VARREF 'data_in' generates 8 bits.
                                  : ... note: In instance 'accu'
   27 |                     data_out <= accumulator + data_in;  
      |                                             ^
- V e r i l a t i o n   R e p o r t: Verilator 5.032 2025-01-01 rev v5.032
- Verilator: Built from 0.022 MB sources in 2 modules, into 0.011 MB in 4 C++ files needing 0.000 MB
- Verilator: Walltime 0.021 s (elab=0.001, cvt=0.005, bld=0.000); cpu 0.037 s on 88 threads; alloced 60.379 MB

tb_simulation_route state: tb_failed:  None
================================ Human Message =================================

The Verilator compiler raises a Warning, called WIDTHEXPAND, for the below module. The content of the Warning is "Operator ADD expects 10 bits on the RHS, but RHS's VARREF 'data_in' generates 8 bits.".
Here is the related in-line content with the Warning:
Line 22:                     accumulator <= accumulator + data_in;
================================== Ai Message ==================================

module accu(
    input clk,
    input rst_n,
    input [7:0] data_in,
    input valid_in,
    output reg valid_out,
    output reg [9:0] data_out
);

    reg [9:0] accumulator;
    reg [2:0] count;

    always @(posedge clk or negedge rst_n) begin
        if (!rst_n) begin
            accumulator <= 10'd0;
            count <= 3'd0;
            valid_out <= 1'b0;
            data_out <= 10'd0;
        end else begin
            if (valid_in) begin
                if (count < 3'd4) begin
                    accumulator <= accumulator + {2'b00, data_in}; // Extend data_in to 10 bits
                    count <= count + 1;
                    valid_out <= 1'b0;
                end
                if (count == 3'd3) begin
                    data_out <= accumulator + {2'b00, data_in}; // Add the last input
                    valid_out <= 1'b1;
                    accumulator <= 10'd0; // Reset accumulator after output
                    count <= 3'd0; // Reset count after output
                end
            end
        end
    end
endmodule
Compile Status Success:  ###Verilating for accu###
cd .llmwork/accu && bash -c "verilator_yosys.sh verilator $PWD  -Wall -j 0 --lint-only --trace --x-assign 0 --x-initial 0 -cc --top-module accu  accu.v --exe  tb.cpp -Wno-fatal -Wall  -Wno-DECLFILENAME  -Werror-UNDRIVEN  -Werror-MULTIDRIVEN"
- V e r i l a t i o n   R e p o r t: Verilator 5.032 2025-01-01 rev v5.032
- Verilator: Built from 0.022 MB sources in 2 modules, into 0.011 MB in 4 C++ files needing 0.000 MB
- Verilator: Walltime 0.021 s (elab=0.001, cvt=0.005, bld=0.000); cpu 0.040 s on 88 threads; alloced 60.383 MB

syntax_compile_route state:  exception: None
Compile Status Success, check testbench
tb_failed {}
compile: NO EXCEPTION AND TESTBENCH NOW! 
tb_simulation_route state: tb_failed:  None
### Trial  4  results:
		- Trial  4  exception pass:  True
		- Trial  4  tb pass:  True
End Agent with Iteration trial:  5
### exception and tb trials: [True, True, True, True, True] [True, True, True, True, True]
### Result iter times:  5
	 5/5 Exception pass
	 5/5 TB pass
flow here modules/adder_16bit adder_16bit
Start agent
Chat bot trial: 0
Chat bot trial: 1
Chat bot trial: 2
Chat bot trial: 3
Chat bot trial: 4
